2.30259
1.58496
1
2
4
0.540302
0.841471
1.55741
0
1.5708
0.785398
1.54308
1.1752
0.761594
2
1
2
1
18
